21:19:20 **** Incremental Build of configuration Debug for project f401_template ****
make -j12 all 
arm-none-eabi-gcc -o "f401_template.elf" @"objects.list"   -mcpu=cortex-m4 -T"C:\Users\ozker\ezteemy\marian\f401_template\STM32F401CCUX_FLASH.ld" --specs=nosys.specs -Wl,-Map="f401_template.map" -Wl,--gc-sections -static --specs=nano.specs -mfpu=fpv4-sp-d16 -mfloat-abi=hard -mthumb -Wl,--start-group -lc -lm -Wl,--end-group
Finished building target: f401_template.elf
 
arm-none-eabi-size  f401_template.elf 
arm-none-eabi-objdump -h -S f401_template.elf  > "f401_template.list"
   text	   data	    bss	    dec	    hex	filename
   1344	      0	   1568	   2912	    b60	f401_template.elf
Finished building: default.size.stdout
 
Finished building: f401_template.list
 

21:19:21 Build Finished. 0 errors, 0 warnings. (took 704ms)

